Archive member included to satisfy reference by file (symbol)

/Applications/VEXcode.app/Contents/Resources/sdk/vexv5/libv5rt.a(v5_startup.c.obj)
                              (vexStartup)
/Applications/VEXcode.app/Contents/Resources/sdk/vexv5/libv5rt.a(v5_util.c.obj)
                              /Applications/VEXcode.app/Contents/Resources/sdk/vexv5/libv5rt.a(v5_startup.c.obj) (vexStdlibVersionLinked)
/Applications/VEXcode.app/Contents/Resources/sdk/vexv5/libv5rt.a(v5_apijump.c.obj)
                              /Applications/VEXcode.app/Contents/Resources/sdk/vexv5/libv5rt.a(v5_startup.c.obj) (vexPrivateApiEnable)
/Applications/VEXcode.app/Contents/Resources/sdk/vexv5/libv5rt.a(v5_apiversions.c.obj)
                              /Applications/VEXcode.app/Contents/Resources/sdk/vexv5/libv5rt.a(v5_apijump.c.obj) (vexSystemVersion)
/Applications/VEXcode.app/Contents/Resources/sdk/vexv5/libv5rt.a(vex_global.cpp.obj)
                              build/src/Cortex_layout.o (vex::PORT19)
/Applications/VEXcode.app/Contents/Resources/sdk/vexv5/libv5rt.a(vex_motor.cpp.obj)
                              build/src/Cortex_layout.o (vex::motor::~motor())
/Applications/VEXcode.app/Contents/Resources/sdk/vexv5/libv5rt.a(vex_controller.cpp.obj)
                              build/src/Cortex_layout.o (vex::controller::~controller())
/Applications/VEXcode.app/Contents/Resources/sdk/vexv5/libv5rt.a(vex_task.cpp.obj)
                              build/src/PID.o (vex::task::sleep(unsigned long))
/Applications/VEXcode.app/Contents/Resources/sdk/vexv5/libv5rt.a(vex_event.cpp.obj)
                              /Applications/VEXcode.app/Contents/Resources/sdk/vexv5/libv5rt.a(vex_controller.cpp.obj) (vex::event::init(unsigned long, unsigned long, void (*)()))
/Applications/VEXcode.app/Contents/Resources/sdk/vexv5/libv5rt.a(vex_mevent.cpp.obj)
                              /Applications/VEXcode.app/Contents/Resources/sdk/vexv5/libv5rt.a(vex_controller.cpp.obj) (vex::mevent::mevent(unsigned long, unsigned long))
/Applications/VEXcode.app/Contents/Resources/sdk/vexv5/libv5rt.a(vex_brain.cpp.obj)
                              build/src/Cortex_layout.o (vex::brain::~brain())
/Applications/VEXcode.app/Contents/Resources/sdk/vexv5/libv5rt.a(vex_competition.cpp.obj)
                              build/src/Cortex_layout.o (vex::competition::competition())
/Applications/VEXcode.app/Contents/Resources/sdk/vexv5/libv5rt.a(vex_triport.cpp.obj)
                              /Applications/VEXcode.app/Contents/Resources/sdk/vexv5/libv5rt.a(vex_brain.cpp.obj) (vex::triport::~triport())
/Applications/VEXcode.app/Contents/Resources/sdk/vexv5/libv5rt.a(vex_color.cpp.obj)
                              /Applications/VEXcode.app/Contents/Resources/sdk/vexv5/libv5rt.a(vex_brain.cpp.obj) (vex::color::operator unsigned long() const)
/Applications/VEXcode.app/Contents/Resources/sdk/vexv5/libv5rt.a(vex_timer.cpp.obj)
                              /Applications/VEXcode.app/Contents/Resources/sdk/vexv5/libv5rt.a(vex_brain.cpp.obj) (vex::timer::~timer())
/Applications/VEXcode.app/Contents/Resources/sdk/vexv5/libv5rt.a(v5_apiuser.c.obj)
                              /Applications/VEXcode.app/Contents/Resources/sdk/vexv5/libv5rt.a(vex_triport.cpp.obj) (vexAdiPortConfigSet)
/Applications/VEXcode.app/Contents/Resources/sdk/vexv5/libv5rt.a(vex_device.cpp.obj)
                              /Applications/VEXcode.app/Contents/Resources/sdk/vexv5/libv5rt.a(vex_triport.cpp.obj) (vex::device::value())
/Applications/VEXcode.app/Contents/Resources/sdk/vexv5/gcc/libs/libc.a(lib_a-fini.o)
                              /Applications/VEXcode.app/Contents/Resources/sdk/vexv5/libv5rt.a(v5_startup.c.obj) (__libc_fini_array)
/Applications/VEXcode.app/Contents/Resources/sdk/vexv5/gcc/libs/libc.a(lib_a-impure.o)
                              /Applications/VEXcode.app/Contents/Resources/sdk/vexv5/libv5rt.a(v5_startup.c.obj) (_impure_ptr)
/Applications/VEXcode.app/Contents/Resources/sdk/vexv5/gcc/libs/libc.a(lib_a-init.o)
                              /Applications/VEXcode.app/Contents/Resources/sdk/vexv5/libv5rt.a(v5_startup.c.obj) (__libc_init_array)
/Applications/VEXcode.app/Contents/Resources/sdk/vexv5/gcc/libs/libc.a(lib_a-tolower.o)
                              /Applications/VEXcode.app/Contents/Resources/sdk/vexv5/libv5rt.a(vex_brain.cpp.obj) (tolower)
/Applications/VEXcode.app/Contents/Resources/sdk/vexv5/gcc/libs/libc.a(lib_a-ctype_.o)
                              /Applications/VEXcode.app/Contents/Resources/sdk/vexv5/gcc/libs/libc.a(lib_a-tolower.o) (__ctype_ptr__)

Allocating common symbols
Common symbol       size              file

__vex_critical_section
                    0x1               /Applications/VEXcode.app/Contents/Resources/sdk/vexv5/libv5rt.a(v5_startup.c.obj)

Discarded input sections

 .text          0x0000000000000000        0x0 build/src/Auton.o
 .text._Z11Auton_Stratv
                0x0000000000000000        0xc build/src/Auton.o
[...]
Memory Configuration

Name             Origin             Length             Attributes
ps7_ddr_0_S_AXI_BASEADDR 0x0000000003800000 0x0000000004800000
*default*        0x0000000000000000 0xffffffffffffffff

Linker script and memory map

                0x0000000000002000                _STACK_SIZE = DEFINED (_STACK_SIZE)?_STACK_SIZE:0x2000
                0x0000000000100000                _HEAP_SIZE = DEFINED (_HEAP_SIZE)?_HEAP_SIZE:0x100000
                0x0000000000000400                _ABORT_STACK_SIZE = DEFINED (_ABORT_STACK_SIZE)?_ABORT_STACK_SIZE:0x400
                0x0000000000000800                _SUPERVISOR_STACK_SIZE = DEFINED (_SUPERVISOR_STACK_SIZE)?_SUPERVISOR_STACK_SIZE:0x800
                0x0000000000000400                _IRQ_STACK_SIZE = DEFINED (_IRQ_STACK_SIZE)?_IRQ_STACK_SIZE:0x400
                0x0000000000000400                _FIQ_STACK_SIZE = DEFINED (_FIQ_STACK_SIZE)?_FIQ_STACK_SIZE:0x400
                0x0000000000000400                _UNDEF_STACK_SIZE = DEFINED (_UNDEF_STACK_SIZE)?_UNDEF_STACK_SIZE:0x400

.text           0x0000000003800000     0x2820
 *(.vectors)
 *(.boot_data)
 .boot_data     0x0000000003800000       0x20 /Applications/VEXcode.app/Contents/Resources/sdk/vexv5/libv5rt.a(v5_startup.c.obj)
                0x0000000003800000                vexCodeSig
                0x0000000000000020                . = 0x20
 *(.boot)
 .boot          0x0000000003800020       0xbc /Applications/VEXcode.app/Contents/Resources/sdk/vexv5/libv5rt.a(v5_startup.c.obj)
                0x0000000003800020                vexStartup
                0x0000000003800100                . = ALIGN (0x40)
 *fill*         0x00000000038000dc       0x24 
 *(.freertos_vectors)
 *(.text)
 *(.text.*)
 .text._GLOBAL__sub_I_Cortex_layout.cpp
                0x0000000003800100      0x300 build/src/Cortex_layout.o
 .text._Z9reset_Encv
                0x0000000003800400       0x6c build/src/PID.o
                0x0000000003800400                reset_Enc()
 .text._Z10move_baseRd
                0x000000000380046c       0x90 build/src/PID.o
                0x000000000380046c                move_baseR(double)
 *fill*         0x00000000038004fc        0x4 
 .text._Z11PI_straightd
                0x0000000003800500       0xf8 build/src/PID.o
                0x0000000003800500                PI_straight(double)
 .text._GLOBAL__sub_I_PID.cpp
                0x00000000038005f8       0x4c build/src/PID.o
 .text._Z10autonomousv
                0x0000000003800644        0x4 build/src/main.o
                0x0000000003800644                autonomous()
 .text._Z11usercontrolv
                0x0000000003800648       0xd8 build/src/main.o
                0x0000000003800648                usercontrol()
 .text.main     0x0000000003800720       0x3c build/src/main.o
                0x0000000003800720                main
 .text.vexMain  0x000000000380075c       0xb0 /Applications/VEXcode.app/Contents/Resources/sdk/vexv5/libv5rt.a(v5_startup.c.obj)
                0x000000000380075c                vexMain
 .text.__vex_function_prolog
                0x000000000380080c       0x18 /Applications/VEXcode.app/Contents/Resources/sdk/vexv5/libv5rt.a(v5_startup.c.obj)
                0x000000000380080c                __vex_function_prolog
 .text._init    0x0000000003800824        0x4 /Applications/VEXcode.app/Contents/Resources/sdk/vexv5/libv5rt.a(v5_startup.c.obj)
                0x0000000003800824                _init
 .text._fini    0x0000000003800828        0x4 /Applications/VEXcode.app/Contents/Resources/sdk/vexv5/libv5rt.a(v5_startup.c.obj)
                0x0000000003800828                _fini
 .text.vexStdlibVersionLinked
                0x000000000380082c        0xc /Applications/VEXcode.app/Contents/Resources/sdk/vexv5/libv5rt.a(v5_util.c.obj)
                0x000000000380082c                vexStdlibVersionLinked
 .text.vexStdlibVersionVerify
                0x0000000003800838       0x30 /Applications/VEXcode.app/Contents/Resources/sdk/vexv5/libv5rt.a(v5_util.c.obj)
                0x0000000003800838                vexStdlibVersionVerify
 .text.vexPrivateApiEnable
                0x0000000003800868       0x10 /Applications/VEXcode.app/Contents/Resources/sdk/vexv5/libv5rt.a(v5_apijump.c.obj)
                0x0000000003800868                vexPrivateApiEnable
 .text.vexStdlibMismatchError
                0x0000000003800878       0x3c /Applications/VEXcode.app/Contents/Resources/sdk/vexv5/libv5rt.a(v5_apijump.c.obj)
                0x0000000003800878                vexStdlibMismatchError
 .text.vexTaskAdd
                0x00000000038008b4       0x10 /Applications/VEXcode.app/Contents/Resources/sdk/vexv5/libv5rt.a(v5_apijump.c.obj)
                0x00000000038008b4                vexTaskAdd
 .text.vexTaskStop
                0x00000000038008c4       0x10 /Applications/VEXcode.app/Contents/Resources/sdk/vexv5/libv5rt.a(v5_apijump.c.obj)
                0x00000000038008c4                vexTaskStop
 .text.vexTasksRun
                0x00000000038008d4       0x10 /Applications/VEXcode.app/Contents/Resources/sdk/vexv5/libv5rt.a(v5_apijump.c.obj)
                0x00000000038008d4                vexTasksRun
 .text.vexTaskYield
                0x00000000038008e4       0x10 /Applications/VEXcode.app/Contents/Resources/sdk/vexv5/libv5rt.a(v5_apijump.c.obj)
                0x00000000038008e4                vexTaskYield
 .text.vexTaskCheckTimeslice
                0x00000000038008f4       0x10 /Applications/VEXcode.app/Contents/Resources/sdk/vexv5/libv5rt.a(v5_apijump.c.obj)
                0x00000000038008f4                vexTaskCheckTimeslice
 .text.vexTaskSleep
                0x0000000003800904       0x10 /Applications/VEXcode.app/Contents/Resources/sdk/vexv5/libv5rt.a(v5_apijump.c.obj)
                0x0000000003800904                vexTaskSleep
 .text.vexTasksDump
                0x0000000003800914       0x1c /Applications/VEXcode.app/Contents/Resources/sdk/vexv5/libv5rt.a(v5_apijump.c.obj)
                0x0000000003800914                vexTasksDump
 .text.vexTaskGetTaskIndex
                0x0000000003800930       0x10 /Applications/VEXcode.app/Contents/Resources/sdk/vexv5/libv5rt.a(v5_apijump.c.obj)
                0x0000000003800930                vexTaskGetTaskIndex
 .text.vexTaskStopAll
                0x0000000003800940       0x10 /Applications/VEXcode.app/Contents/Resources/sdk/vexv5/libv5rt.a(v5_apijump.c.obj)
                0x0000000003800940                vexTaskStopAll
 .text.vexTaskRemoveAllUser
                0x0000000003800950       0x34 /Applications/VEXcode.app/Contents/Resources/sdk/vexv5/libv5rt.a(v5_apijump.c.obj)
                0x0000000003800950                vexTaskRemoveAllUser
 .text.vexTaskCompletionIdSet
                0x0000000003800984       0x10 /Applications/VEXcode.app/Contents/Resources/sdk/vexv5/libv5rt.a(v5_apijump.c.obj)
                0x0000000003800984                vexTaskCompletionIdSet
 .text.vexCriticalSection
                0x0000000003800994       0x2c /Applications/VEXcode.app/Contents/Resources/sdk/vexv5/libv5rt.a(v5_apijump.c.obj)
                0x0000000003800994                vexCriticalSection
 .text.vexEventAdd
                0x00000000038009c0       0x34 /Applications/VEXcode.app/Contents/Resources/sdk/vexv5/libv5rt.a(v5_apijump.c.obj)
                0x00000000038009c0                vexEventAdd
 .text.vexEventUserIndexGet
                0x00000000038009f4       0x1c /Applications/VEXcode.app/Contents/Resources/sdk/vexv5/libv5rt.a(v5_apijump.c.obj)
                0x00000000038009f4                vexEventUserIndexGet
 .text.vexEventAddWithArg
                0x0000000003800a10       0x3c /Applications/VEXcode.app/Contents/Resources/sdk/vexv5/libv5rt.a(v5_apijump.c.obj)
                0x0000000003800a10                vexEventAddWithArg
 .text.vexEventsCleanup
                0x0000000003800a4c       0x2c /Applications/VEXcode.app/Contents/Resources/sdk/vexv5/libv5rt.a(v5_apijump.c.obj)
                0x0000000003800a4c                vexEventsCleanup
 .text.vexDebug
                0x0000000003800a78       0x38 /Applications/VEXcode.app/Contents/Resources/sdk/vexv5/libv5rt.a(v5_apijump.c.obj)
                0x0000000003800a78                vexDebug
 .text.vex_sprintf
                0x0000000003800ab0       0x40 /Applications/VEXcode.app/Contents/Resources/sdk/vexv5/libv5rt.a(v5_apijump.c.obj)
                0x0000000003800ab0                vex_sprintf
 .text.vex_vsnprintf
                0x0000000003800af0       0x3c /Applications/VEXcode.app/Contents/Resources/sdk/vexv5/libv5rt.a(v5_apijump.c.obj)
                0x0000000003800af0                vex_vsnprintf
 .text.vexSystemTimeGet
                0x0000000003800b2c       0x1c /Applications/VEXcode.app/Contents/Resources/sdk/vexv5/libv5rt.a(v5_apijump.c.obj)
                0x0000000003800b2c                vexSystemTimeGet
 .text.vexSystemExitRequest
                0x0000000003800b48       0x1c /Applications/VEXcode.app/Contents/Resources/sdk/vexv5/libv5rt.a(v5_apijump.c.obj)
                0x0000000003800b48                vexSystemExitRequest
 .text.vexDeviceGetByIndex
                0x0000000003800b64       0x24 /Applications/VEXcode.app/Contents/Resources/sdk/vexv5/libv5rt.a(v5_apijump.c.obj)
                0x0000000003800b64                vexDeviceGetByIndex
 .text.vexControllerGet
                0x0000000003800b88       0x2c /Applications/VEXcode.app/Contents/Resources/sdk/vexv5/libv5rt.a(v5_apijump.c.obj)
                0x0000000003800b88                vexControllerGet
 .text.vexDeviceAdiPortConfigSet
                0x0000000003800bb4       0x34 /Applications/VEXcode.app/Contents/Resources/sdk/vexv5/libv5rt.a(v5_apijump.c.obj)
                0x0000000003800bb4                vexDeviceAdiPortConfigSet
 .text.vexDeviceAdiPortConfigGet
                0x0000000003800be8       0x2c /Applications/VEXcode.app/Contents/Resources/sdk/vexv5/libv5rt.a(v5_apijump.c.obj)
                0x0000000003800be8                vexDeviceAdiPortConfigGet
 .text.vexDeviceMotorVelocitySet
                0x0000000003800c14       0x2c /Applications/VEXcode.app/Contents/Resources/sdk/vexv5/libv5rt.a(v5_apijump.c.obj)
                0x0000000003800c14                vexDeviceMotorVelocitySet
 .text.vexDeviceMotorActualVelocityGet
                0x0000000003800c40       0x24 /Applications/VEXcode.app/Contents/Resources/sdk/vexv5/libv5rt.a(v5_apijump.c.obj)
                0x0000000003800c40                vexDeviceMotorActualVelocityGet
 .text.vexDeviceMotorReverseFlagSet
                0x0000000003800c64       0x2c /Applications/VEXcode.app/Contents/Resources/sdk/vexv5/libv5rt.a(v5_apijump.c.obj)
                0x0000000003800c64                vexDeviceMotorReverseFlagSet
 .text.vexDeviceMotorEncoderUnitsSet
                0x0000000003800c90       0x2c /Applications/VEXcode.app/Contents/Resources/sdk/vexv5/libv5rt.a(v5_apijump.c.obj)
                0x0000000003800c90                vexDeviceMotorEncoderUnitsSet
 .text.vexDeviceMotorBrakeModeSet
                0x0000000003800cbc       0x2c /Applications/VEXcode.app/Contents/Resources/sdk/vexv5/libv5rt.a(v5_apijump.c.obj)
                0x0000000003800cbc                vexDeviceMotorBrakeModeSet
 .text.vexDeviceMotorPositionSet
                0x0000000003800ce8       0x34 /Applications/VEXcode.app/Contents/Resources/sdk/vexv5/libv5rt.a(v5_apijump.c.obj)
                0x0000000003800ce8                vexDeviceMotorPositionSet
 .text.vexDeviceMotorPositionGet
                0x0000000003800d1c       0x24 /Applications/VEXcode.app/Contents/Resources/sdk/vexv5/libv5rt.a(v5_apijump.c.obj)
                0x0000000003800d1c                vexDeviceMotorPositionGet
 .text.vexDeviceMotorGearingGet
                0x0000000003800d40       0x24 /Applications/VEXcode.app/Contents/Resources/sdk/vexv5/libv5rt.a(v5_apijump.c.obj)
                0x0000000003800d40                vexDeviceMotorGearingGet
 .text.vexDisplayForegroundColor
                0x0000000003800d64       0x24 /Applications/VEXcode.app/Contents/Resources/sdk/vexv5/libv5rt.a(v5_apijump.c.obj)
                0x0000000003800d64                vexDisplayForegroundColor
 .text.vexDisplayBackgroundColor
                0x0000000003800d88       0x24 /Applications/VEXcode.app/Contents/Resources/sdk/vexv5/libv5rt.a(v5_apijump.c.obj)
                0x0000000003800d88                vexDisplayBackgroundColor
 .text.vexDisplayBackgroundColorGet
                0x0000000003800dac       0x1c /Applications/VEXcode.app/Contents/Resources/sdk/vexv5/libv5rt.a(v5_apijump.c.obj)
                0x0000000003800dac                vexDisplayBackgroundColorGet
 .text.vexDisplayRectClear
                0x0000000003800dc8       0x4c /Applications/VEXcode.app/Contents/Resources/sdk/vexv5/libv5rt.a(v5_apijump.c.obj)
                0x0000000003800dc8                vexDisplayRectClear
 .text.vexDisplayPrintf
                0x0000000003800e14       0x68 /Applications/VEXcode.app/Contents/Resources/sdk/vexv5/libv5rt.a(v5_apijump.c.obj)
                0x0000000003800e14                vexDisplayPrintf
 .text.vexDisplayTextReference
                0x0000000003800e7c       0x24 /Applications/VEXcode.app/Contents/Resources/sdk/vexv5/libv5rt.a(v5_apijump.c.obj)
                0x0000000003800e7c                vexDisplayTextReference
 .text.vexDisplayTextSize
                0x0000000003800ea0       0x2c /Applications/VEXcode.app/Contents/Resources/sdk/vexv5/libv5rt.a(v5_apijump.c.obj)
                0x0000000003800ea0                vexDisplayTextSize
 .text.vexDisplayFontNamedSet
                0x0000000003800ecc       0x24 /Applications/VEXcode.app/Contents/Resources/sdk/vexv5/libv5rt.a(v5_apijump.c.obj)
                0x0000000003800ecc                vexDisplayFontNamedSet
 .text.vexSystemStdlibImpureDataAddr
                0x0000000003800ef0       0x28 /Applications/VEXcode.app/Contents/Resources/sdk/vexv5/libv5rt.a(v5_apijump.c.obj)
                0x0000000003800ef0                vexSystemStdlibImpureDataAddr
 .text.vexSystemStdlibImpureDataSize
                0x0000000003800f18       0x28 /Applications/VEXcode.app/Contents/Resources/sdk/vexv5/libv5rt.a(v5_apijump.c.obj)
                0x0000000003800f18                vexSystemStdlibImpureDataSize
 .text.vexSystemSaveUserData
                0x0000000003800f40       0x3c /Applications/VEXcode.app/Contents/Resources/sdk/vexv5/libv5rt.a(v5_apijump.c.obj)
                0x0000000003800f40                vexSystemSaveUserData
 .text.vexDisplayThemeIdGet
                0x0000000003800f7c       0x38 /Applications/VEXcode.app/Contents/Resources/sdk/vexv5/libv5rt.a(v5_apijump.c.obj)
                0x0000000003800f7c                vexDisplayThemeIdGet
 .text.vexDeviceEventMaskSet
                0x0000000003800fb4       0x48 /Applications/VEXcode.app/Contents/Resources/sdk/vexv5/libv5rt.a(v5_apijump.c.obj)
                0x0000000003800fb4                vexDeviceEventMaskSet
 .text.vexDeviceEventMaskGet
                0x0000000003800ffc       0x3c /Applications/VEXcode.app/Contents/Resources/sdk/vexv5/libv5rt.a(v5_apijump.c.obj)
                0x0000000003800ffc                vexDeviceEventMaskGet
 .text.vexSystemVersion
                0x0000000003801038       0x10 /Applications/VEXcode.app/Contents/Resources/sdk/vexv5/libv5rt.a(v5_apiversions.c.obj)
                0x0000000003801038                vexSystemVersion
 .text.vexStdlibVersion
                0x0000000003801048       0x10 /Applications/VEXcode.app/Contents/Resources/sdk/vexv5/libv5rt.a(v5_apiversions.c.obj)
                0x0000000003801048                vexStdlibVersion
 .text._ZN3vex5motor9installedEv
                0x0000000003801058       0x18 /Applications/VEXcode.app/Contents/Resources/sdk/vexv5/libv5rt.a(vex_motor.cpp.obj)
                0x0000000003801058                vex::motor::installed()
 .text._ZN3vex5motorD2Ev
                0x0000000003801070       0x20 /Applications/VEXcode.app/Contents/Resources/sdk/vexv5/libv5rt.a(vex_motor.cpp.obj)
                0x0000000003801070                vex::motor::~motor()
                0x0000000003801070                vex::motor::~motor()
 .text._ZN3vex5motor15defaultStoppingENS_9brakeTypeE
                0x0000000003801090       0x30 /Applications/VEXcode.app/Contents/Resources/sdk/vexv5/libv5rt.a(vex_motor.cpp.obj)
                0x0000000003801090                vex::motor::defaultStopping(vex::brakeType)
 .text._ZN3vex5motorC2El
                0x00000000038010c0       0x70 /Applications/VEXcode.app/Contents/Resources/sdk/vexv5/libv5rt.a(vex_motor.cpp.obj)
                0x00000000038010c0                vex::motor::motor(long)
                0x00000000038010c0                vex::motor::motor(long)
 .text._ZN3vex5motorC2Elb
                0x0000000003801130       0x24 /Applications/VEXcode.app/Contents/Resources/sdk/vexv5/libv5rt.a(vex_motor.cpp.obj)
                0x0000000003801130                vex::motor::motor(long, bool)
                0x0000000003801130                vex::motor::motor(long, bool)
 .text._ZN3vex5motor16velocityToScaledEdNS_13velocityUnitsE
                0x0000000003801154       0x5c /Applications/VEXcode.app/Contents/Resources/sdk/vexv5/libv5rt.a(vex_motor.cpp.obj)
                0x0000000003801154                vex::motor::velocityToScaled(double, vex::velocityUnits)
 .text._ZN3vex5motor8velocityENS_13velocityUnitsE
                0x00000000038011b0       0x30 /Applications/VEXcode.app/Contents/Resources/sdk/vexv5/libv5rt.a(vex_motor.cpp.obj)
                0x00000000038011b0                vex::motor::velocity(vex::velocityUnits)
 .text._ZN3vex5motor5valueEv
                0x00000000038011e0       0x1c /Applications/VEXcode.app/Contents/Resources/sdk/vexv5/libv5rt.a(vex_motor.cpp.obj)
                0x00000000038011e0                vex::motor::value()
 .text._ZN3vex5motor16scaledToVelocityEdNS_13velocityUnitsE
                0x00000000038011fc       0xa4 /Applications/VEXcode.app/Contents/Resources/sdk/vexv5/libv5rt.a(vex_motor.cpp.obj)
                0x00000000038011fc                vex::motor::scaledToVelocity(double, vex::velocityUnits)
 .text._ZN3vex5motor4spinENS_13directionTypeEdNS_13velocityUnitsE
                0x00000000038012a0       0x5c /Applications/VEXcode.app/Contents/Resources/sdk/vexv5/libv5rt.a(vex_motor.cpp.obj)
                0x00000000038012a0                vex::motor::spin(vex::directionType, double, vex::velocityUnits)
 .text._ZN3vex5motor16setRotationUnitsENS_13rotationUnitsE
                0x00000000038012fc       0x1c /Applications/VEXcode.app/Contents/Resources/sdk/vexv5/libv5rt.a(vex_motor.cpp.obj)
                0x00000000038012fc                vex::motor::setRotationUnits(vex::rotationUnits)
 .text._ZN3vex5motor11setRotationEdNS_13rotationUnitsE
                0x0000000003801318       0x44 /Applications/VEXcode.app/Contents/Resources/sdk/vexv5/libv5rt.a(vex_motor.cpp.obj)
                0x0000000003801318                vex::motor::setRotation(double, vex::rotationUnits)
 .text._ZN3vex5motor13resetRotationEv
                0x000000000380135c       0x20 /Applications/VEXcode.app/Contents/Resources/sdk/vexv5/libv5rt.a(vex_motor.cpp.obj)
                0x000000000380135c                vex::motor::resetRotation()
 .text._ZN3vex5motor8rotationENS_13rotationUnitsE
                0x000000000380137c       0x44 /Applications/VEXcode.app/Contents/Resources/sdk/vexv5/libv5rt.a(vex_motor.cpp.obj)
                0x000000000380137c                vex::motor::rotation(vex::rotationUnits)
 .text.startup._GLOBAL__sub_I__ZN3vex5motorC2El
                0x00000000038013c0       0x30 /Applications/VEXcode.app/Contents/Resources/sdk/vexv5/libv5rt.a(vex_motor.cpp.obj)
 .text._ZN3vex10controllerD2Ev
                0x00000000038013f0        0x4 /Applications/VEXcode.app/Contents/Resources/sdk/vexv5/libv5rt.a(vex_controller.cpp.obj)
                0x00000000038013f0                vex::controller::~controller()
                0x00000000038013f0                vex::controller::~controller()
 .text._ZN3vex10controller5valueE19_V5_ControllerIndex
                0x00000000038013f4        0x8 /Applications/VEXcode.app/Contents/Resources/sdk/vexv5/libv5rt.a(vex_controller.cpp.obj)
                0x00000000038013f4                vex::controller::value(_V5_ControllerIndex)
 .text._ZN3vex10controller6button8pressingEv
                0x00000000038013fc       0xc8 /Applications/VEXcode.app/Contents/Resources/sdk/vexv5/libv5rt.a(vex_controller.cpp.obj)
                0x00000000038013fc                vex::controller::button::pressing()
 .text._ZN3vex10controller6button21_buttonToPressedEventEv
                0x00000000038014c4       0x20 /Applications/VEXcode.app/Contents/Resources/sdk/vexv5/libv5rt.a(vex_controller.cpp.obj)
                0x00000000038014c4                vex::controller::button::_buttonToPressedEvent()
 .text._ZN3vex10controller6button22_buttonToReleasedEventEv
                0x00000000038014e4       0x20 /Applications/VEXcode.app/Contents/Resources/sdk/vexv5/libv5rt.a(vex_controller.cpp.obj)
                0x00000000038014e4                vex::controller::button::_buttonToReleasedEvent()
 .text._ZN3vex10controller6buttonC2ENS0_11tButtonTypeEPS0_
                0x0000000003801504       0x48 /Applications/VEXcode.app/Contents/Resources/sdk/vexv5/libv5rt.a(vex_controller.cpp.obj)
                0x0000000003801504                vex::controller::button::button(vex::controller::tButtonType, vex::controller*)
                0x0000000003801504                vex::controller::button::button(vex::controller::tButtonType, vex::controller*)
 .text._ZN3vex10controller4axis23_joystickToChangedEventEv
                0x000000000380154c       0x20 /Applications/VEXcode.app/Contents/Resources/sdk/vexv5/libv5rt.a(vex_controller.cpp.obj)
                0x000000000380154c                vex::controller::axis::_joystickToChangedEvent()
 .text._ZN3vex10controller4axisC2ENS0_9tAxisTypeEPS0_
                0x000000000380156c       0x2c /Applications/VEXcode.app/Contents/Resources/sdk/vexv5/libv5rt.a(vex_controller.cpp.obj)
                0x000000000380156c                vex::controller::axis::axis(vex::controller::tAxisType, vex::controller*)
                0x000000000380156c                vex::controller::axis::axis(vex::controller::tAxisType, vex::controller*)
 .text._ZN3vex10controllerC2Ev
                0x0000000003801598      0x204 /Applications/VEXcode.app/Contents/Resources/sdk/vexv5/libv5rt.a(vex_controller.cpp.obj)
                0x0000000003801598                vex::controller::controller()
                0x0000000003801598                vex::controller::controller()
 .text._ZN3vex4taskC2EPFivE
                0x000000000380179c       0x54 /Applications/VEXcode.app/Contents/Resources/sdk/vexv5/libv5rt.a(vex_task.cpp.obj)
                0x000000000380179c                vex::task::task(int (*)())
                0x000000000380179c                vex::task::task(int (*)())
 .text._ZN3vex4taskD2Ev
                0x00000000038017f0        0x4 /Applications/VEXcode.app/Contents/Resources/sdk/vexv5/libv5rt.a(vex_task.cpp.obj)
                0x00000000038017f0                vex::task::~task()
                0x00000000038017f0                vex::task::~task()
 .text._ZN3vex4task4stopEPFivE
                0x00000000038017f4        0xc /Applications/VEXcode.app/Contents/Resources/sdk/vexv5/libv5rt.a(vex_task.cpp.obj)
                0x00000000038017f4                vex::task::stop(int (*)())
 .text._ZN3vex4task5sleepEm
                0x0000000003801800        0x4 /Applications/VEXcode.app/Contents/Resources/sdk/vexv5/libv5rt.a(vex_task.cpp.obj)
                0x0000000003801800                vex::task::sleep(unsigned long)
 .text._ZN3vex4task6_indexEPFivE
                0x0000000003801804       0x14 /Applications/VEXcode.app/Contents/Resources/sdk/vexv5/libv5rt.a(vex_task.cpp.obj)
                0x0000000003801804                vex::task::_index(int (*)())
 .text._ZN3vex4task8_stopAllEv
                0x0000000003801818       0x3c /Applications/VEXcode.app/Contents/Resources/sdk/vexv5/libv5rt.a(vex_task.cpp.obj)
                0x0000000003801818                vex::task::_stopAll()
 .text._ZN3vex5event4initEmmPFvvE
                0x0000000003801854        0x4 /Applications/VEXcode.app/Contents/Resources/sdk/vexv5/libv5rt.a(vex_event.cpp.obj)
                0x0000000003801854                vex::event::init(unsigned long, unsigned long, void (*)())
 .text._ZN3vex5event4initEmmPFvPvES1_
                0x0000000003801858        0x4 /Applications/VEXcode.app/Contents/Resources/sdk/vexv5/libv5rt.a(vex_event.cpp.obj)
                0x0000000003801858                vex::event::init(unsigned long, unsigned long, void (*)(void*), void*)
 .text._ZN3vex5event9userindexEv
                0x000000000380185c        0x4 /Applications/VEXcode.app/Contents/Resources/sdk/vexv5/libv5rt.a(vex_event.cpp.obj)
                0x000000000380185c                vex::event::userindex()
 .text._ZZN3vex6meventC4EmmENUlvE_4_FUNEv
                0x0000000003801860        0x4 /Applications/VEXcode.app/Contents/Resources/sdk/vexv5/libv5rt.a(vex_mevent.cpp.obj)
 .text._ZN3vex6meventC2Emm
                0x0000000003801864       0x70 /Applications/VEXcode.app/Contents/Resources/sdk/vexv5/libv5rt.a(vex_mevent.cpp.obj)
                0x0000000003801864                vex::mevent::mevent(unsigned long, unsigned long)
                0x0000000003801864                vex::mevent::mevent(unsigned long, unsigned long)
 .text._ZN3vex5brainD2Ev
                0x00000000038018d4       0x20 /Applications/VEXcode.app/Contents/Resources/sdk/vexv5/libv5rt.a(vex_brain.cpp.obj)
                0x00000000038018d4                vex::brain::~brain()
                0x00000000038018d4                vex::brain::~brain()
 .text._ZN3vex5brain9_getIndexEv
                0x00000000038018f4       0x10 /Applications/VEXcode.app/Contents/Resources/sdk/vexv5/libv5rt.a(vex_brain.cpp.obj)
                0x00000000038018f4                vex::brain::_getIndex()
 .text._ZN3vex5brain5timerENS_9timeUnitsE
                0x0000000003801904        0x4 /Applications/VEXcode.app/Contents/Resources/sdk/vexv5/libv5rt.a(vex_brain.cpp.obj)
                0x0000000003801904                vex::brain::timer(vex::timeUnits)
 .text._ZN3vex5brain10resetTimerEv
                0x0000000003801908        0x4 /Applications/VEXcode.app/Contents/Resources/sdk/vexv5/libv5rt.a(vex_brain.cpp.obj)
                0x0000000003801908                vex::brain::resetTimer()
 .text._ZN3vex5brain3lcd9setCursorEll
                0x000000000380190c       0x44 /Applications/VEXcode.app/Contents/Resources/sdk/vexv5/libv5rt.a(vex_brain.cpp.obj)
                0x000000000380190c                vex::brain::lcd::setCursor(long, long)
 .text._ZN3vex5brain3lcd7setFontENS_8fontTypeE
                0x0000000003801950      0x228 /Applications/VEXcode.app/Contents/Resources/sdk/vexv5/libv5rt.a(vex_brain.cpp.obj)
                0x0000000003801950                vex::brain::lcd::setFont(vex::fontType)
 .text._ZN3vex5brain3lcdC2Ev
                0x0000000003801b78       0x94 /Applications/VEXcode.app/Contents/Resources/sdk/vexv5/libv5rt.a(vex_brain.cpp.obj)
                0x0000000003801b78                vex::brain::lcd::lcd()
                0x0000000003801b78                vex::brain::lcd::lcd()
 .text._ZN3vex5brainC2Ev
                0x0000000003801c0c       0x40 /Applications/VEXcode.app/Contents/Resources/sdk/vexv5/libv5rt.a(vex_brain.cpp.obj)
                0x0000000003801c0c                vex::brain::brain()
                0x0000000003801c0c                vex::brain::brain()
 .text._ZN3vex5brain3lcd7printAtEllPKcz
                0x0000000003801c4c       0x6c /Applications/VEXcode.app/Contents/Resources/sdk/vexv5/libv5rt.a(vex_brain.cpp.obj)
                0x0000000003801c4c                vex::brain::lcd::printAt(long, long, char const*, ...)
 .text._ZN3vex5brain3lcd12_clearScreenEm
                0x0000000003801cb8       0x38 /Applications/VEXcode.app/Contents/Resources/sdk/vexv5/libv5rt.a(vex_brain.cpp.obj)
                0x0000000003801cb8                vex::brain::lcd::_clearScreen(unsigned long)
 .text._ZN3vex5brain3lcd11clearScreenERKNS_5colorE
                0x0000000003801cf0       0x20 /Applications/VEXcode.app/Contents/Resources/sdk/vexv5/libv5rt.a(vex_brain.cpp.obj)
                0x0000000003801cf0                vex::brain::lcd::clearScreen(vex::color const&)
 .text._ZN3vex5brain3lcd11clearScreenEv
                0x0000000003801d10       0x2c /Applications/VEXcode.app/Contents/Resources/sdk/vexv5/libv5rt.a(vex_brain.cpp.obj)
                0x0000000003801d10                vex::brain::lcd::clearScreen()
 .text._ZN3vex11competition8_disableEPv
                0x0000000003801d3c       0x9c /Applications/VEXcode.app/Contents/Resources/sdk/vexv5/libv5rt.a(vex_competition.cpp.obj)
                0x0000000003801d3c                vex::competition::_disable(void*)
 .text._ZN3vex11competition11_autonomousEv
                0x0000000003801dd8       0x7c /Applications/VEXcode.app/Contents/Resources/sdk/vexv5/libv5rt.a(vex_competition.cpp.obj)
                0x0000000003801dd8                vex::competition::_autonomous()
 .text._ZN3vex11competition14_drivercontrolEv
                0x0000000003801e54       0x7c /Applications/VEXcode.app/Contents/Resources/sdk/vexv5/libv5rt.a(vex_competition.cpp.obj)
                0x0000000003801e54                vex::competition::_drivercontrol()
 .text._ZN3vex11competitionC2Ev
                0x0000000003801ed0      0x13c /Applications/VEXcode.app/Contents/Resources/sdk/vexv5/libv5rt.a(vex_competition.cpp.obj)
                0x0000000003801ed0                vex::competition::competition()
                0x0000000003801ed0                vex::competition::competition()
 .text._ZN3vex11competitionD2Ev
                0x000000000380200c        0x4 /Applications/VEXcode.app/Contents/Resources/sdk/vexv5/libv5rt.a(vex_competition.cpp.obj)
                0x000000000380200c                vex::competition::~competition()
                0x000000000380200c                vex::competition::~competition()
 .text._ZN3vex11competition10autonomousEPFvvE
                0x0000000003802010       0x44 /Applications/VEXcode.app/Contents/Resources/sdk/vexv5/libv5rt.a(vex_competition.cpp.obj)
                0x0000000003802010                vex::competition::autonomous(void (*)())
 .text._ZN3vex11competition13drivercontrolEPFvvE
                0x0000000003802054       0x44 /Applications/VEXcode.app/Contents/Resources/sdk/vexv5/libv5rt.a(vex_competition.cpp.obj)
                0x0000000003802054                vex::competition::drivercontrol(void (*)())
 .text._ZN3vex7triport9installedEv
                0x0000000003802098       0x18 /Applications/VEXcode.app/Contents/Resources/sdk/vexv5/libv5rt.a(vex_triport.cpp.obj)
                0x0000000003802098                vex::triport::installed()
 .text._ZN3vex7triportD2Ev
                0x00000000038020b0       0x38 /Applications/VEXcode.app/Contents/Resources/sdk/vexv5/libv5rt.a(vex_triport.cpp.obj)
                0x00000000038020b0                vex::triport::~triport()
                0x00000000038020b0                vex::triport::~triport()
 .text._ZN3vex7triport4portC2ElPS0_
                0x00000000038020e8       0x90 /Applications/VEXcode.app/Contents/Resources/sdk/vexv5/libv5rt.a(vex_triport.cpp.obj)
                0x00000000038020e8                vex::triport::port::port(long, vex::triport*)
                0x00000000038020e8                vex::triport::port::port(long, vex::triport*)
 .text._ZN3vex7triportC2El
                0x0000000003802178       0xf0 /Applications/VEXcode.app/Contents/Resources/sdk/vexv5/libv5rt.a(vex_triport.cpp.obj)
                0x0000000003802178                vex::triport::triport(long)
                0x0000000003802178                vex::triport::triport(long)
 .text._ZN3vex7triport4port4typeENS_11triportTypeE
                0x0000000003802268       0x34 /Applications/VEXcode.app/Contents/Resources/sdk/vexv5/libv5rt.a(vex_triport.cpp.obj)
                0x0000000003802268                vex::triport::port::type(vex::triportType)
 .text._ZN3vex7triport4port4typeEv
                0x000000000380229c       0x38 /Applications/VEXcode.app/Contents/Resources/sdk/vexv5/libv5rt.a(vex_triport.cpp.obj)
                0x000000000380229c                vex::triport::port::type()
 .text._ZN3vex11__trideviceC2ERNS_7triport4portENS_11triportTypeE
                0x00000000038022d4       0x5c /Applications/VEXcode.app/Contents/Resources/sdk/vexv5/libv5rt.a(vex_triport.cpp.obj)
                0x00000000038022d4                vex::__tridevice::__tridevice(vex::triport::port&, vex::triportType)
                0x00000000038022d4                vex::__tridevice::__tridevice(vex::triport::port&, vex::triportType)
 .text._ZN3vex4gyroC2ERNS_7triport4portE
                0x0000000003802330       0x20 /Applications/VEXcode.app/Contents/Resources/sdk/vexv5/libv5rt.a(vex_triport.cpp.obj)
                0x0000000003802330                vex::gyro::gyro(vex::triport::port&)
                0x0000000003802330                vex::gyro::gyro(vex::triport::port&)
 .text._ZN3vex4gyroD2Ev
                0x0000000003802350        0x4 /Applications/VEXcode.app/Contents/Resources/sdk/vexv5/libv5rt.a(vex_triport.cpp.obj)
                0x0000000003802350                vex::gyro::~gyro()
                0x0000000003802350                vex::gyro::~gyro()
 .text.startup._GLOBAL__sub_I__ZN3vex7triportC2El
                0x0000000003802354       0x30 /Applications/VEXcode.app/Contents/Resources/sdk/vexv5/libv5rt.a(vex_triport.cpp.obj)
 .text._ZN3vex5colorD2Ev
                0x0000000003802384        0x4 /Applications/VEXcode.app/Contents/Resources/sdk/vexv5/libv5rt.a(vex_color.cpp.obj)
                0x0000000003802384                vex::color::~color()
                0x0000000003802384                vex::color::~color()
 .text._ZNK3vex5colorcvmEv
                0x0000000003802388        0x8 /Applications/VEXcode.app/Contents/Resources/sdk/vexv5/libv5rt.a(vex_color.cpp.obj)
                0x0000000003802388                vex::color::operator unsigned long() const
 .text.startup._GLOBAL__sub_I__ZN3vex5color5blackE
                0x0000000003802390      0x164 /Applications/VEXcode.app/Contents/Resources/sdk/vexv5/libv5rt.a(vex_color.cpp.obj)
 .text._ZN3vex5timerD2Ev
                0x00000000038024f4        0x4 /Applications/VEXcode.app/Contents/Resources/sdk/vexv5/libv5rt.a(vex_timer.cpp.obj)
                0x00000000038024f4                vex::timer::~timer()
                0x00000000038024f4                vex::timer::~timer()
 .text._ZN3vex5timer5clearEv
                0x00000000038024f8       0x1c /Applications/VEXcode.app/Contents/Resources/sdk/vexv5/libv5rt.a(vex_timer.cpp.obj)
                0x00000000038024f8                vex::timer::clear()
 .text._ZN3vex5timerC2Ev
                0x0000000003802514       0x14 /Applications/VEXcode.app/Contents/Resources/sdk/vexv5/libv5rt.a(vex_timer.cpp.obj)
                0x0000000003802514                vex::timer::timer()
                0x0000000003802514                vex::timer::timer()
 .text._ZNK3vex5timer4timeENS_9timeUnitsE
                0x0000000003802528       0x40 /Applications/VEXcode.app/Contents/Resources/sdk/vexv5/libv5rt.a(vex_timer.cpp.obj)
                0x0000000003802528                vex::timer::time(vex::timeUnits) const
 .text.vexAdiPortConfigSet
                0x0000000003802568       0x28 /Applications/VEXcode.app/Contents/Resources/sdk/vexv5/libv5rt.a(v5_apiuser.c.obj)
                0x0000000003802568                vexAdiPortConfigSet
 .text.vexAdiPortConfigGet
                0x0000000003802590       0x28 /Applications/VEXcode.app/Contents/Resources/sdk/vexv5/libv5rt.a(v5_apiuser.c.obj)
                0x0000000003802590                vexAdiPortConfigGet
 .text.vexMotorVelocitySet
                0x00000000038025b8       0x20 /Applications/VEXcode.app/Contents/Resources/sdk/vexv5/libv5rt.a(v5_apiuser.c.obj)
                0x00000000038025b8                vexMotorVelocitySet
 .text.vexMotorActualVelocityGet
                0x00000000038025d8       0x24 /Applications/VEXcode.app/Contents/Resources/sdk/vexv5/libv5rt.a(v5_apiuser.c.obj)
                0x00000000038025d8                vexMotorActualVelocityGet
 .text.vexMotorReverseFlagSet
                0x00000000038025fc       0x20 /Applications/VEXcode.app/Contents/Resources/sdk/vexv5/libv5rt.a(v5_apiuser.c.obj)
                0x00000000038025fc                vexMotorReverseFlagSet
 .text.vexMotorEncoderUnitsSet
                0x000000000380261c       0x20 /Applications/VEXcode.app/Contents/Resources/sdk/vexv5/libv5rt.a(v5_apiuser.c.obj)
                0x000000000380261c                vexMotorEncoderUnitsSet
 .text.vexMotorBrakeModeSet
                0x000000000380263c       0x20 /Applications/VEXcode.app/Contents/Resources/sdk/vexv5/libv5rt.a(v5_apiuser.c.obj)
                0x000000000380263c                vexMotorBrakeModeSet
 .text.vexMotorPositionSet
                0x000000000380265c       0x28 /Applications/VEXcode.app/Contents/Resources/sdk/vexv5/libv5rt.a(v5_apiuser.c.obj)
                0x000000000380265c                vexMotorPositionSet
 .text.vexMotorPositionGet
                0x0000000003802684       0x24 /Applications/VEXcode.app/Contents/Resources/sdk/vexv5/libv5rt.a(v5_apiuser.c.obj)
                0x0000000003802684                vexMotorPositionGet
 .text.vexMotorGearingGet
                0x00000000038026a8       0x18 /Applications/VEXcode.app/Contents/Resources/sdk/vexv5/libv5rt.a(v5_apiuser.c.obj)
                0x00000000038026a8                vexMotorGearingGet
 .text.vexEventMaskSet
                0x00000000038026c0       0x28 /Applications/VEXcode.app/Contents/Resources/sdk/vexv5/libv5rt.a(v5_apiuser.c.obj)
                0x00000000038026c0                vexEventMaskSet
 .text.vexEventMaskGet
                0x00000000038026e8       0x18 /Applications/VEXcode.app/Contents/Resources/sdk/vexv5/libv5rt.a(v5_apiuser.c.obj)
                0x00000000038026e8                vexEventMaskGet
 .text._ZN3vex6device5valueEv
                0x0000000003802700        0x8 /Applications/VEXcode.app/Contents/Resources/sdk/vexv5/libv5rt.a(vex_device.cpp.obj)
                0x0000000003802700                vex::device::value()
 .text._ZN3vex6deviceD2Ev
                0x0000000003802708        0x4 /Applications/VEXcode.app/Contents/Resources/sdk/vexv5/libv5rt.a(vex_device.cpp.obj)
                0x0000000003802708                vex::device::~device()
                0x0000000003802708                vex::device::~device()
 .text._ZN3vex6device4initEl
                0x000000000380270c       0x30 /Applications/VEXcode.app/Contents/Resources/sdk/vexv5/libv5rt.a(vex_device.cpp.obj)
                0x000000000380270c                vex::device::init(long)
 .text._ZN3vex6deviceC2El
                0x000000000380273c       0x20 /Applications/VEXcode.app/Contents/Resources/sdk/vexv5/libv5rt.a(vex_device.cpp.obj)
                0x000000000380273c                vex::device::device(long)
                0x000000000380273c                vex::device::device(long)
 .text._ZN3vex6device4typeEv
                0x000000000380275c       0x10 /Applications/VEXcode.app/Contents/Resources/sdk/vexv5/libv5rt.a(vex_device.cpp.obj)
                0x000000000380275c                vex::device::type()
 .text._ZN3vex6device9installedEv
                0x000000000380276c       0x14 /Applications/VEXcode.app/Contents/Resources/sdk/vexv5/libv5rt.a(vex_device.cpp.obj)
                0x000000000380276c                vex::device::installed()
 .text.__libc_fini_array
                0x0000000003802780       0x30 /Applications/VEXcode.app/Contents/Resources/sdk/vexv5/gcc/libs/libc.a(lib_a-fini.o)
                0x0000000003802780                __libc_fini_array
 .text.__libc_init_array
                0x00000000038027b0       0x58 /Applications/VEXcode.app/Contents/Resources/sdk/vexv5/gcc/libs/libc.a(lib_a-init.o)
                0x00000000038027b0                __libc_init_array
 .text.__libc_init_array.__stub
                0x0000000003802808       0x18 linker stubs
 *(.gnu.linkonce.t.*)
 *(.plt)
 *(.gnu_warning)
 *(.gcc_except_table)
 *(.glue_7)
 .glue_7        0x0000000003802820        0x0 linker stubs
 *(.glue_7t)
 .glue_7t       0x0000000003802820        0x0 linker stubs
 *(.vfp11_veneer)
 .vfp11_veneer  0x0000000003802820        0x0 linker stubs
 *(.ARM.extab)
 *(.gnu.linkonce.armextab.*)

.v4_bx          0x0000000003802820        0x0
 .v4_bx         0x0000000003802820        0x0 linker stubs

.iplt           0x0000000003802820        0x0
 .iplt          0x0000000003802820        0x0 build/src/Cortex_layout.o

.init
 *(.init)

.fini
 *(.fini)

.rodata         0x0000000003802820      0x114
                0x0000000003802820                __rodata_start = .
 *(.rodata)
 *(.rodata.*)
 .rodata.str1.1
                0x0000000003802820       0x17 build/src/main.o
 .rodata.str1.1
                0x0000000003802837       0x2e /Applications/VEXcode.app/Contents/Resources/sdk/vexv5/libv5rt.a(v5_startup.c.obj)
 *fill*         0x0000000003802865        0x3 
 .rodata._ZN3vex6PORT22E
                0x0000000003802868        0x4 /Applications/VEXcode.app/Contents/Resources/sdk/vexv5/libv5rt.a(vex_global.cpp.obj)
                0x0000000003802868                vex::PORT22
 .rodata._ZN3vex5PORT2E
                0x000000000380286c        0x4 /Applications/VEXcode.app/Contents/Resources/sdk/vexv5/libv5rt.a(vex_global.cpp.obj)
                0x000000000380286c                vex::PORT2
 .rodata._ZN3vex6PORT15E
                0x0000000003802870        0x4 /Applications/VEXcode.app/Contents/Resources/sdk/vexv5/libv5rt.a(vex_global.cpp.obj)
                0x0000000003802870                vex::PORT15
 .rodata._ZN3vex5PORT4E
                0x0000000003802874        0x4 /Applications/VEXcode.app/Contents/Resources/sdk/vexv5/libv5rt.a(vex_global.cpp.obj)
                0x0000000003802874                vex::PORT4
 .rodata._ZN3vex6PORT17E
                0x0000000003802878        0x4 /Applications/VEXcode.app/Contents/Resources/sdk/vexv5/libv5rt.a(vex_global.cpp.obj)
                0x0000000003802878                vex::PORT17
 .rodata._ZN3vex6PORT13E
                0x000000000380287c        0x4 /Applications/VEXcode.app/Contents/Resources/sdk/vexv5/libv5rt.a(vex_global.cpp.obj)
                0x000000000380287c                vex::PORT13
 .rodata._ZN3vex5PORT6E
                0x0000000003802880        0x4 /Applications/VEXcode.app/Contents/Resources/sdk/vexv5/libv5rt.a(vex_global.cpp.obj)
                0x0000000003802880                vex::PORT6
 .rodata._ZN3vex5PORT7E
                0x0000000003802884        0x4 /Applications/VEXcode.app/Contents/Resources/sdk/vexv5/libv5rt.a(vex_global.cpp.obj)
                0x0000000003802884                vex::PORT7
 .rodata._ZN3vex5PORT1E
                0x0000000003802888        0x4 /Applications/VEXcode.app/Contents/Resources/sdk/vexv5/libv5rt.a(vex_global.cpp.obj)
                0x0000000003802888                vex::PORT1
 .rodata._ZN3vex5PORT9E
                0x000000000380288c        0x4 /Applications/VEXcode.app/Contents/Resources/sdk/vexv5/libv5rt.a(vex_global.cpp.obj)
                0x000000000380288c                vex::PORT9
 .rodata._ZN3vex6PORT19E
                0x0000000003802890        0x4 /Applications/VEXcode.app/Contents/Resources/sdk/vexv5/libv5rt.a(vex_global.cpp.obj)
                0x0000000003802890                vex::PORT19
 .rodata._ZN3vex6PORT14E
                0x0000000003802894        0x4 /Applications/VEXcode.app/Contents/Resources/sdk/vexv5/libv5rt.a(vex_global.cpp.obj)
                0x0000000003802894                vex::PORT14
 .rodata._ZN3vex6PORT18E
                0x0000000003802898        0x4 /Applications/VEXcode.app/Contents/Resources/sdk/vexv5/libv5rt.a(vex_global.cpp.obj)
                0x0000000003802898                vex::PORT18
 .rodata._ZN3vex5PORT3E
                0x000000000380289c        0x4 /Applications/VEXcode.app/Contents/Resources/sdk/vexv5/libv5rt.a(vex_global.cpp.obj)
                0x000000000380289c                vex::PORT3
 .rodata._ZTVN3vex5motorE
                0x00000000038028a0       0x10 /Applications/VEXcode.app/Contents/Resources/sdk/vexv5/libv5rt.a(vex_motor.cpp.obj)
                0x00000000038028a0                vtable for vex::motor
 .rodata.CSWTCH.15
                0x00000000038028b0        0xb /Applications/VEXcode.app/Contents/Resources/sdk/vexv5/libv5rt.a(vex_controller.cpp.obj)
 .rodata.CSWTCH.17
                0x00000000038028bb        0xb /Applications/VEXcode.app/Contents/Resources/sdk/vexv5/libv5rt.a(vex_controller.cpp.obj)
 .rodata.CSWTCH.23
                0x00000000038028c6        0x3 /Applications/VEXcode.app/Contents/Resources/sdk/vexv5/libv5rt.a(vex_controller.cpp.obj)
 .rodata.str1.1
                0x00000000038028c9        0xa /Applications/VEXcode.app/Contents/Resources/sdk/vexv5/libv5rt.a(vex_task.cpp.obj)
 .rodata.str1.1
                0x00000000038028d3       0x1a /Applications/VEXcode.app/Contents/Resources/sdk/vexv5/libv5rt.a(vex_brain.cpp.obj)
 *fill*         0x00000000038028ed        0x3 
 .rodata._ZTVN3vex7triportE
                0x00000000038028f0       0x10 /Applications/VEXcode.app/Contents/Resources/sdk/vexv5/libv5rt.a(vex_triport.cpp.obj)
                0x00000000038028f0                vtable for vex::triport
 .rodata.CSWTCH.30
                0x0000000003802900       0x10 /Applications/VEXcode.app/Contents/Resources/sdk/vexv5/libv5rt.a(vex_triport.cpp.obj)
 .rodata.CSWTCH.25
                0x0000000003802910        0xe /Applications/VEXcode.app/Contents/Resources/sdk/vexv5/libv5rt.a(vex_triport.cpp.obj)
 *fill*         0x000000000380291e        0x2 
 .rodata._ZTVN3vex6deviceE
                0x0000000003802920       0x10 /Applications/VEXcode.app/Contents/Resources/sdk/vexv5/libv5rt.a(vex_device.cpp.obj)
                0x0000000003802920                vtable for vex::device
 .rodata.str1.4
                0x0000000003802930        0x4 /Applications/VEXcode.app/Contents/Resources/sdk/vexv5/gcc/libs/libc.a(lib_a-impure.o)
                                          0x2 (size before relaxing)
 *(.gnu.linkonce.r.*)
                0x0000000003802934                __rodata_end = .

.rodata1        0x0000000003802934        0x0
                0x0000000003802934                __rodata1_start = .
 *(.rodata1)
 *(.rodata1.*)
                0x0000000003802934                __rodata1_end = .

.sdata2         0x0000000003802934        0x0
                0x0000000003802934                __sdata2_start = .
 *(.sdata2)
 *(.sdata2.*)
 *(.gnu.linkonce.s2.*)
                0x0000000003802934                __sdata2_end = .

.sbss2          0x0000000003802934        0x0
                0x0000000003802934                __sbss2_start = .
 *(.sbss2)
 *(.sbss2.*)
 *(.gnu.linkonce.sb2.*)
                0x0000000003802934                __sbss2_end = .

.data           0x0000000003802938      0x44c
                0x0000000003802938                __data_start = .
 *(.data)
 *(.data.*)
 .data.kp1      0x0000000003802938        0x8 build/src/PID.o
                0x0000000003802938                kp1
 .data.kp2      0x0000000003802940        0x8 build/src/PID.o
                0x0000000003802940                kp2
 .data.target   0x0000000003802948        0x8 build/src/PID.o
                0x0000000003802948                target
 .data.appRunning
                0x0000000003802950        0x4 /Applications/VEXcode.app/Contents/Resources/sdk/vexv5/libv5rt.a(v5_startup.c.obj)
                0x0000000003802950                appRunning
 .data.__yoff   0x0000000003802954        0x4 /Applications/VEXcode.app/Contents/Resources/sdk/vexv5/libv5rt.a(v5_apijump.c.obj)
 .data.impure_data
                0x0000000003802958      0x428 /Applications/VEXcode.app/Contents/Resources/sdk/vexv5/gcc/libs/libc.a(lib_a-impure.o)
 .data._impure_ptr
                0x0000000003802d80        0x4 /Applications/VEXcode.app/Contents/Resources/sdk/vexv5/gcc/libs/libc.a(lib_a-impure.o)
                0x0000000003802d80                _impure_ptr
 *(.gnu.linkonce.d.*)
 *(.jcr)
 *(.got)
 *(.got.plt)
                0x0000000003802d84                __data_end = .

.igot.plt       0x0000000003802d84        0x0
 .igot.plt      0x0000000003802d84        0x0 build/src/Cortex_layout.o

.data1          0x0000000003802d84        0x0
                0x0000000003802d84                __data1_start = .
 *(.data1)
 *(.data1.*)
                0x0000000003802d84                __data1_end = .

.got
 *(.got)

.ctors          0x0000000003802d84        0x0
                0x0000000003802d84                __CTOR_LIST__ = .
                0x0000000003802d84                ___CTORS_LIST___ = .
 *crtbegin.o(.ctors)
 *(EXCLUDE_FILE(*crtend.o) .ctors)
 *(SORT_BY_NAME(.ctors.*))
 *(.ctors)
                0x0000000003802d84                __CTOR_END__ = .
                0x0000000003802d84                ___CTORS_END___ = .

.dtors          0x0000000003802d84        0x0
                0x0000000003802d84                __DTOR_LIST__ = .
                0x0000000003802d84                ___DTORS_LIST___ = .
 *crtbegin.o(.dtors)
 *(EXCLUDE_FILE(*crtend.o) .dtors)
 *(SORT_BY_NAME(.dtors.*))
 *(.dtors)
                0x0000000003802d84                __DTOR_END__ = .
                0x0000000003802d84                ___DTORS_END___ = .

.fixup          0x0000000003802d84        0x0
                0x0000000003802d84                __fixup_start = .
 *(.fixup)
                0x0000000003802d84                __fixup_end = .

.eh_frame
 *(.eh_frame)

.eh_framehdr    0x0000000003802d84        0x0
                0x0000000003802d84                __eh_framehdr_start = .
 *(.eh_framehdr)
                0x0000000003802d84                __eh_framehdr_end = .

.gcc_except_table
 *(.gcc_except_table)

.mmu_tbl        0x0000000003804000        0x0
                0x0000000003804000                __mmu_tbl_start = .
 *(.mmu_tbl)
                0x0000000003804000                __mmu_tbl_end = .

.ARM.exidx      0x0000000003802d84        0x8
                0x0000000003802d84                __exidx_start = .
 *(.ARM.exidx*)
 .ARM.exidx.text._GLOBAL__sub_I_Cortex_layout.cpp
                0x0000000003802d84        0x8 build/src/Cortex_layout.o
 .ARM.exidx.text._Z9reset_Encv
                0x0000000003802d8c        0x0 build/src/PID.o
                                          0x8 (size before relaxing)
 .ARM.exidx.text._Z10move_baseRd
                0x0000000003802d8c        0x0 build/src/PID.o
                                          0x8 (size before relaxing)
 .ARM.exidx.text._Z11PI_straightd
                0x0000000003802d8c        0x0 build/src/PID.o
                                          0x8 (size before relaxing)
 .ARM.exidx.text._GLOBAL__sub_I_PID.cpp
                0x0000000003802d8c        0x0 build/src/PID.o
                                          0x8 (size before relaxing)
 .ARM.exidx.text._Z10autonomousv
                0x0000000003802d8c        0x0 build/src/main.o
                                          0x8 (size before relaxing)
 .ARM.exidx.text._Z11usercontrolv
                0x0000000003802d8c        0x0 build/src/main.o
                                          0x8 (size before relaxing)
 .ARM.exidx.text.main
                0x0000000003802d8c        0x0 build/src/main.o
                                          0x8 (size before relaxing)
 *(.gnu.linkonce.armexidix.*.*)
                0x0000000003802d8c                __exidx_end = .

.rel.dyn        0x0000000003802d8c        0x0
 .rel.iplt      0x0000000003802d8c        0x0 build/src/Cortex_layout.o

.preinit_array  0x0000000003802d8c        0x0
                0x0000000003802d8c                __preinit_array_start = .
 *(SORT_BY_NAME(.preinit_array.*))
 *(.preinit_array)
                0x0000000003802d8c                __preinit_array_end = .

.init_array     0x0000000003802d8c       0x14
                0x0000000003802d8c                __init_array_start = .
 *(SORT_BY_NAME(.init_array.*))
 *(.init_array)
 .init_array    0x0000000003802d8c        0x4 build/src/Cortex_layout.o
 .init_array    0x0000000003802d90        0x4 build/src/PID.o
 .init_array    0x0000000003802d94        0x4 /Applications/VEXcode.app/Contents/Resources/sdk/vexv5/libv5rt.a(vex_motor.cpp.obj)
 .init_array    0x0000000003802d98        0x4 /Applications/VEXcode.app/Contents/Resources/sdk/vexv5/libv5rt.a(vex_triport.cpp.obj)
 .init_array    0x0000000003802d9c        0x4 /Applications/VEXcode.app/Contents/Resources/sdk/vexv5/libv5rt.a(vex_color.cpp.obj)
                0x0000000003802da0                __init_array_end = .

.fini_array     0x0000000003802da0        0x0
                0x0000000003802da0                __fini_array_start = .
 *(SORT_BY_NAME(.fini_array.*))
 *(.fini_array)
                0x0000000003802da0                __fini_array_end = .

.ARM.attributes
                0x0000000003802da0       0x3c
                0x0000000003802da0                __ARM.attributes_start = .
 *(.ARM.attributes)
 .ARM.attributes
                0x0000000003802da0       0x3a build/src/Cortex_layout.o
 .ARM.attributes
                0x0000000003802dda       0x3a build/src/PID.o
 .ARM.attributes
                0x0000000003802e14       0x3a build/src/main.o
 .ARM.attributes
                0x0000000003802e4e       0x35 /Applications/VEXcode.app/Contents/Resources/sdk/vexv5/libv5rt.a(v5_startup.c.obj)
 .ARM.attributes
                0x0000000003802e83       0x35 /Applications/VEXcode.app/Contents/Resources/sdk/vexv5/libv5rt.a(v5_util.c.obj)
 .ARM.attributes
                0x0000000003802eb8       0x35 /Applications/VEXcode.app/Contents/Resources/sdk/vexv5/libv5rt.a(v5_apijump.c.obj)
 .ARM.attributes
                0x0000000003802eed       0x35 /Applications/VEXcode.app/Contents/Resources/sdk/vexv5/libv5rt.a(v5_apiversions.c.obj)
 .ARM.attributes
                0x0000000003802f22       0x35 /Applications/VEXcode.app/Contents/Resources/sdk/vexv5/libv5rt.a(vex_global.cpp.obj)
 .ARM.attributes
                0x0000000003802f57       0x35 /Applications/VEXcode.app/Contents/Resources/sdk/vexv5/libv5rt.a(vex_motor.cpp.obj)
 .ARM.attributes
                0x0000000003802f8c       0x35 /Applications/VEXcode.app/Contents/Resources/sdk/vexv5/libv5rt.a(vex_controller.cpp.obj)
 .ARM.attributes
                0x0000000003802fc1       0x35 /Applications/VEXcode.app/Contents/Resources/sdk/vexv5/libv5rt.a(vex_task.cpp.obj)
 .ARM.attributes
                0x0000000003802ff6       0x35 /Applications/VEXcode.app/Contents/Resources/sdk/vexv5/libv5rt.a(vex_event.cpp.obj)
 .ARM.attributes
                0x000000000380302b       0x35 /Applications/VEXcode.app/Contents/Resources/sdk/vexv5/libv5rt.a(vex_mevent.cpp.obj)
 .ARM.attributes
                0x0000000003803060       0x35 /Applications/VEXcode.app/Contents/Resources/sdk/vexv5/libv5rt.a(vex_brain.cpp.obj)
 .ARM.attributes
                0x0000000003803095       0x35 /Applications/VEXcode.app/Contents/Resources/sdk/vexv5/libv5rt.a(vex_competition.cpp.obj)
 .ARM.attributes
                0x00000000038030ca       0x35 /Applications/VEXcode.app/Contents/Resources/sdk/vexv5/libv5rt.a(vex_triport.cpp.obj)
 .ARM.attributes
                0x00000000038030ff       0x35 /Applications/VEXcode.app/Contents/Resources/sdk/vexv5/libv5rt.a(vex_color.cpp.obj)
 .ARM.attributes
                0x0000000003803134       0x35 /Applications/VEXcode.app/Contents/Resources/sdk/vexv5/libv5rt.a(vex_timer.cpp.obj)
 .ARM.attributes
                0x0000000003803169       0x35 /Applications/VEXcode.app/Contents/Resources/sdk/vexv5/libv5rt.a(v5_apiuser.c.obj)
 .ARM.attributes
                0x000000000380319e       0x35 /Applications/VEXcode.app/Contents/Resources/sdk/vexv5/libv5rt.a(vex_device.cpp.obj)
 .ARM.attributes
                0x00000000038031d3       0x2b /Applications/VEXcode.app/Contents/Resources/sdk/vexv5/gcc/libs/libc.a(lib_a-fini.o)
 .ARM.attributes
                0x00000000038031fe       0x2b /Applications/VEXcode.app/Contents/Resources/sdk/vexv5/gcc/libs/libc.a(lib_a-impure.o)
 .ARM.attributes
                0x0000000003803229       0x2b /Applications/VEXcode.app/Contents/Resources/sdk/vexv5/gcc/libs/libc.a(lib_a-init.o)
                0x0000000003803254                __ARM.attributes_end = .

.sdata          0x0000000003802da0        0x0
                0x0000000003802da0                __sdata_start = .
 *(.sdata)
 *(.sdata.*)
 *(.gnu.linkonce.s.*)
                0x0000000003802da0                __sdata_end = .

.sbss           0x0000000003802da0        0x0
                0x0000000003802da0                __sbss_start = .
 *(.sbss)
 *(.sbss.*)
 *(.gnu.linkonce.sb.*)
                0x0000000003802da0                __sbss_end = .

.tdata          0x0000000003802da0        0x0
                0x0000000003802da0                __tdata_start = .
 *(.tdata)
 *(.tdata.*)
 *(.gnu.linkonce.td.*)
                0x0000000003802da0                __tdata_end = .

.tbss           0x0000000003802da0        0x0
                0x0000000003802da0                __tbss_start = .
 *(.tbss)
 *(.tbss.*)
 *(.gnu.linkonce.tb.*)
                0x0000000003802da0                __tbss_end = .

.bss            0x0000000003802da0      0x7bd
                0x0000000003802da0                __bss_start = .
 *(.bss)
 *(.bss.*)
 .bss.Brain     0x0000000003802da0      0x2e0 build/src/Cortex_layout.o
                0x0000000003802da0                Brain
 .bss.Competition
                0x0000000003803080       0x28 build/src/Cortex_layout.o
                0x0000000003803080                Competition
 .bss.Controller
                0x00000000038030a8      0x1e0 build/src/Cortex_layout.o
                0x00000000038030a8                Controller
 .bss.Right1    0x0000000003803288       0x28 build/src/Cortex_layout.o
                0x0000000003803288                Right1
 .bss.Right2    0x00000000038032b0       0x28 build/src/Cortex_layout.o
                0x00000000038032b0                Right2
 .bss.Right3    0x00000000038032d8       0x28 build/src/Cortex_layout.o
                0x00000000038032d8                Right3
 .bss.Right4    0x0000000003803300       0x28 build/src/Cortex_layout.o
                0x0000000003803300                Right4
 .bss.Left1     0x0000000003803328       0x28 build/src/Cortex_layout.o
                0x0000000003803328                Left1
 .bss.Left2     0x0000000003803350       0x28 build/src/Cortex_layout.o
                0x0000000003803350                Left2
 .bss.Left3     0x0000000003803378       0x28 build/src/Cortex_layout.o
                0x0000000003803378                Left3
 .bss.Left4     0x00000000038033a0       0x28 build/src/Cortex_layout.o
                0x00000000038033a0                Left4
 .bss.R_arms    0x00000000038033c8       0x28 build/src/Cortex_layout.o
                0x00000000038033c8                R_arms
 .bss.L_arms    0x00000000038033f0       0x28 build/src/Cortex_layout.o
                0x00000000038033f0                L_arms
 .bss.Lift      0x0000000003803418       0x28 build/src/Cortex_layout.o
                0x0000000003803418                Lift
 .bss.R_intake  0x0000000003803440       0x28 build/src/Cortex_layout.o
                0x0000000003803440                R_intake
 .bss.L_intake  0x0000000003803468       0x28 build/src/Cortex_layout.o
                0x0000000003803468                L_intake
 .bss.Gyro      0x0000000003803490       0x1c build/src/Cortex_layout.o
                0x0000000003803490                Gyro
 *fill*         0x00000000038034ac        0x4 
 .bss.errorL    0x00000000038034b0        0x8 build/src/PID.o
                0x00000000038034b0                errorL
 .bss.errorR    0x00000000038034b8        0x8 build/src/PID.o
                0x00000000038034b8                errorR
 .bss.speed_L   0x00000000038034c0        0x8 build/src/PID.o
                0x00000000038034c0                speed_L
 .bss.speed_R   0x00000000038034c8        0x8 build/src/PID.o
                0x00000000038034c8                speed_R
 .bss.current_t
                0x00000000038034d0        0x8 build/src/PID.o
                0x00000000038034d0                current_t
 .bss.previous_tL
                0x00000000038034d8        0x8 build/src/PID.o
                0x00000000038034d8                previous_tL
 .bss.delta_t   0x00000000038034e0        0x8 build/src/PID.o
                0x00000000038034e0                delta_t
 .bss.current_enc
                0x00000000038034e8        0x8 build/src/PID.o
                0x00000000038034e8                current_enc
 .bss.__dso_handle
                0x00000000038034f0        0x4 /Applications/VEXcode.app/Contents/Resources/sdk/vexv5/libv5rt.a(v5_startup.c.obj)
                0x00000000038034f0                __dso_handle
 .bss._ZStL8__ioinit
                0x00000000038034f4        0x1 /Applications/VEXcode.app/Contents/Resources/sdk/vexv5/libv5rt.a(vex_motor.cpp.obj)
 *fill*         0x00000000038034f5        0x3 
 .bss._ZN3vex4task8_labelIdE
                0x00000000038034f8        0x4 /Applications/VEXcode.app/Contents/Resources/sdk/vexv5/libv5rt.a(vex_task.cpp.obj)
                0x00000000038034f8                vex::task::_labelId
 .bss._ZN3vex11competition22bStopTasksBetweenModesE
                0x00000000038034fc        0x1 /Applications/VEXcode.app/Contents/Resources/sdk/vexv5/libv5rt.a(vex_competition.cpp.obj)
                0x00000000038034fc                vex::competition::bStopTasksBetweenModes
 .bss._ZN3vex11competition25bStopAllTasksBetweenModesE
                0x00000000038034fd        0x1 /Applications/VEXcode.app/Contents/Resources/sdk/vexv5/libv5rt.a(vex_competition.cpp.obj)
                0x00000000038034fd                vex::competition::bStopAllTasksBetweenModes
 .bss._ZN3vex11competition14_auton_pendingE
                0x00000000038034fe        0x1 /Applications/VEXcode.app/Contents/Resources/sdk/vexv5/libv5rt.a(vex_competition.cpp.obj)
                0x00000000038034fe                vex::competition::_auton_pending
 *fill*         0x00000000038034ff        0x1 
 .bss._ZN3vex11competition20_autonomous_callbackE
                0x0000000003803500        0x4 /Applications/VEXcode.app/Contents/Resources/sdk/vexv5/libv5rt.a(vex_competition.cpp.obj)
                0x0000000003803500                vex::competition::_autonomous_callback
 .bss._ZN3vex11competition23_drivercontrol_callbackE
                0x0000000003803504        0x4 /Applications/VEXcode.app/Contents/Resources/sdk/vexv5/libv5rt.a(vex_competition.cpp.obj)
                0x0000000003803504                vex::competition::_drivercontrol_callback
 .bss._ZN3vex11competition15_driver_pendingE
                0x0000000003803508        0x1 /Applications/VEXcode.app/Contents/Resources/sdk/vexv5/libv5rt.a(vex_competition.cpp.obj)
                0x0000000003803508                vex::competition::_driver_pending
 .bss._ZStL8__ioinit
                0x0000000003803509        0x1 /Applications/VEXcode.app/Contents/Resources/sdk/vexv5/libv5rt.a(vex_triport.cpp.obj)
 *fill*         0x000000000380350a        0x2 
 .bss._ZN3vex5color6orangeE
                0x000000000380350c        0x8 /Applications/VEXcode.app/Contents/Resources/sdk/vexv5/libv5rt.a(vex_color.cpp.obj)
                0x000000000380350c                vex::color::orange
 .bss._ZN3vex5color5blackE
                0x0000000003803514        0x8 /Applications/VEXcode.app/Contents/Resources/sdk/vexv5/libv5rt.a(vex_color.cpp.obj)
                0x0000000003803514                vex::color::black
 .bss._ZN3vex5color6yellowE
                0x000000000380351c        0x8 /Applications/VEXcode.app/Contents/Resources/sdk/vexv5/libv5rt.a(vex_color.cpp.obj)
                0x000000000380351c                vex::color::yellow
 .bss._ZN3vex5color5greenE
                0x0000000003803524        0x8 /Applications/VEXcode.app/Contents/Resources/sdk/vexv5/libv5rt.a(vex_color.cpp.obj)
                0x0000000003803524                vex::color::green
 .bss._ZN3vex5color6purpleE
                0x000000000380352c        0x8 /Applications/VEXcode.app/Contents/Resources/sdk/vexv5/libv5rt.a(vex_color.cpp.obj)
                0x000000000380352c                vex::color::purple
 .bss._ZN3vex5color4cyanE
                0x0000000003803534        0x8 /Applications/VEXcode.app/Contents/Resources/sdk/vexv5/libv5rt.a(vex_color.cpp.obj)
                0x0000000003803534                vex::color::cyan
 .bss._ZN3vex5color4blueE
                0x000000000380353c        0x8 /Applications/VEXcode.app/Contents/Resources/sdk/vexv5/libv5rt.a(vex_color.cpp.obj)
                0x000000000380353c                vex::color::blue
 .bss._ZN3vex5color3redE
                0x0000000003803544        0x8 /Applications/VEXcode.app/Contents/Resources/sdk/vexv5/libv5rt.a(vex_color.cpp.obj)
                0x0000000003803544                vex::color::red
 .bss._ZN3vex5color11transparentE
                0x000000000380354c        0x8 /Applications/VEXcode.app/Contents/Resources/sdk/vexv5/libv5rt.a(vex_color.cpp.obj)
                0x000000000380354c                vex::color::transparent
 .bss._ZN3vex5color5whiteE
                0x0000000003803554        0x8 /Applications/VEXcode.app/Contents/Resources/sdk/vexv5/libv5rt.a(vex_color.cpp.obj)
                0x0000000003803554                vex::color::white
 *(.gnu.linkonce.b.*)
 *(COMMON)
 COMMON         0x000000000380355c        0x1 /Applications/VEXcode.app/Contents/Resources/sdk/vexv5/libv5rt.a(v5_startup.c.obj)
                0x000000000380355c                __vex_critical_section
                0x000000000380355d                __bss_end = .
                0x0000000003802da0                _SDA_BASE_ = (__sdata_start + ((__sbss_end - __sdata_start) / 0x2))
                0x0000000003802934                _SDA2_BASE_ = (__sdata2_start + ((__sbss2_end - __sdata2_start) / 0x2))

.heap           0x000000000380355d   0x100003
                0x0000000003803560                . = ALIGN (0x10)
 *fill*         0x000000000380355d        0x3 
                0x0000000003803560                _heap = .
                0x0000000003803560                HeapBase = .
                0x0000000003803560                _heap_start = .
                0x0000000003903560                . = (. + _HEAP_SIZE)
 *fill*         0x0000000003803560   0x100000 
                0x0000000003903560                _heap_end = .
                0x0000000003903560                HeapLimit = .

.stack          0x0000000003903560     0x3800
                0x0000000003903560                . = ALIGN (0x10)
                0x0000000003903560                _stack_end = .
                0x0000000003905560                . = (. + _STACK_SIZE)
 *fill*         0x0000000003903560     0x2000 
                0x0000000003905560                . = ALIGN (0x10)
                0x0000000003905560                _stack = .
                0x0000000003905560                __stack = _stack
                0x0000000003905560                . = ALIGN (0x10)
                0x0000000003905560                _irq_stack_end = .
                0x0000000003905960                . = (. + _IRQ_STACK_SIZE)
 *fill*         0x0000000003905560      0x400 
                0x0000000003905960                . = ALIGN (0x10)
                0x0000000003905960                __irq_stack = .
                0x0000000003905960                _supervisor_stack_end = .
                0x0000000003906160                . = (. + _SUPERVISOR_STACK_SIZE)
 *fill*         0x0000000003905960      0x800 
                0x0000000003906160                . = ALIGN (0x10)
                0x0000000003906160                __supervisor_stack = .
                0x0000000003906160                _abort_stack_end = .
                0x0000000003906560                . = (. + _ABORT_STACK_SIZE)
 *fill*         0x0000000003906160      0x400 
                0x0000000003906560                . = ALIGN (0x10)
                0x0000000003906560                __abort_stack = .
                0x0000000003906560                _fiq_stack_end = .
                0x0000000003906960                . = (. + _FIQ_STACK_SIZE)
 *fill*         0x0000000003906560      0x400 
                0x0000000003906960                . = ALIGN (0x10)
                0x0000000003906960                __fiq_stack = .
                0x0000000003906960                _undef_stack_end = .
                0x0000000003906d60                . = (. + _UNDEF_STACK_SIZE)
 *fill*         0x0000000003906960      0x400 
                0x0000000003906d60                . = ALIGN (0x10)
                0x0000000003906d60                __undef_stack = .
                0x0000000003906d60                _end = .
LOAD /Applications/VEXcode.app/Contents/Resources/sdk/vexv5/stdlib_0.lib
LOAD build/src/Auton.o
LOAD build/src/Chasis_methods.o
LOAD build/src/Cortex_layout.o
LOAD build/src/PID.o
LOAD build/src/main.o
START GROUP
LOAD /Applications/VEXcode.app/Contents/Resources/sdk/vexv5/libv5rt.a
LOAD /Applications/VEXcode.app/Contents/Resources/sdk/vexv5/gcc/libs/libstdc++.a
LOAD /Applications/VEXcode.app/Contents/Resources/sdk/vexv5/gcc/libs/libc.a
LOAD /Applications/VEXcode.app/Contents/Resources/sdk/vexv5/gcc/libs/libm.a
LOAD /Applications/VEXcode.app/Contents/Resources/sdk/vexv5/gcc/libs/libgcc.a
END GROUP
OUTPUT(build/Speedy_LopezV1.elf elf32-littlearm)

.comment        0x0000000000000000       0x9d
 .comment       0x0000000000000000       0x2d build/src/Cortex_layout.o
                                         0x2e (size before relaxing)
 .comment       0x000000000000002d       0x2e build/src/PID.o
 .comment       0x000000000000002d       0x2e build/src/main.o
 .comment       0x000000000000002d       0x70 /Applications/VEXcode.app/Contents/Resources/sdk/vexv5/libv5rt.a(v5_startup.c.obj)
                                         0x71 (size before relaxing)
 .comment       0x000000000000009d       0x71 /Applications/VEXcode.app/Contents/Resources/sdk/vexv5/libv5rt.a(v5_util.c.obj)
 .comment       0x000000000000009d       0x71 /Applications/VEXcode.app/Contents/Resources/sdk/vexv5/libv5rt.a(v5_apijump.c.obj)
 .comment       0x000000000000009d       0x71 /Applications/VEXcode.app/Contents/Resources/sdk/vexv5/libv5rt.a(v5_apiversions.c.obj)
 .comment       0x000000000000009d       0x71 /Applications/VEXcode.app/Contents/Resources/sdk/vexv5/libv5rt.a(vex_global.cpp.obj)
 .comment       0x000000000000009d       0x71 /Applications/VEXcode.app/Contents/Resources/sdk/vexv5/libv5rt.a(vex_motor.cpp.obj)
 .comment       0x000000000000009d       0x71 /Applications/VEXcode.app/Contents/Resources/sdk/vexv5/libv5rt.a(vex_controller.cpp.obj)
 .comment       0x000000000000009d       0x71 /Applications/VEXcode.app/Contents/Resources/sdk/vexv5/libv5rt.a(vex_task.cpp.obj)
 .comment       0x000000000000009d       0x71 /Applications/VEXcode.app/Contents/Resources/sdk/vexv5/libv5rt.a(vex_event.cpp.obj)
 .comment       0x000000000000009d       0x71 /Applications/VEXcode.app/Contents/Resources/sdk/vexv5/libv5rt.a(vex_mevent.cpp.obj)
 .comment       0x000000000000009d       0x71 /Applications/VEXcode.app/Contents/Resources/sdk/vexv5/libv5rt.a(vex_brain.cpp.obj)
 .comment       0x000000000000009d       0x71 /Applications/VEXcode.app/Contents/Resources/sdk/vexv5/libv5rt.a(vex_competition.cpp.obj)
 .comment       0x000000000000009d       0x71 /Applications/VEXcode.app/Contents/Resources/sdk/vexv5/libv5rt.a(vex_triport.cpp.obj)
 .comment       0x000000000000009d       0x71 /Applications/VEXcode.app/Contents/Resources/sdk/vexv5/libv5rt.a(vex_color.cpp.obj)
 .comment       0x000000000000009d       0x71 /Applications/VEXcode.app/Contents/Resources/sdk/vexv5/libv5rt.a(vex_timer.cpp.obj)
 .comment       0x000000000000009d       0x71 /Applications/VEXcode.app/Contents/Resources/sdk/vexv5/libv5rt.a(v5_apiuser.c.obj)
 .comment       0x000000000000009d       0x71 /Applications/VEXcode.app/Contents/Resources/sdk/vexv5/libv5rt.a(vex_device.cpp.obj)

.note.GNU-stack
                0x0000000000000000        0x0
 .note.GNU-stack
                0x0000000000000000        0x0 build/src/Cortex_layout.o
 .note.GNU-stack
                0x0000000000000000        0x0 build/src/PID.o
 .note.GNU-stack
                0x0000000000000000        0x0 build/src/main.o

.debug_frame    0x0000000000000000       0x60
 .debug_frame   0x0000000000000000       0x34 /Applications/VEXcode.app/Contents/Resources/sdk/vexv5/gcc/libs/libc.a(lib_a-fini.o)
 .debug_frame   0x0000000000000034       0x2c /Applications/VEXcode.app/Contents/Resources/sdk/vexv5/gcc/libs/libc.a(lib_a-init.o)
